Component: ARM Compiler 5.05 update 1 (build 106) Tool: armlink [4d0efa]

==============================================================================

Section Cross References

    startup_stm32f4xx.o(RESET) refers to startup_stm32f4xx.o(STACK) for __initial_sp
    startup_stm32f4xx.o(RESET) refers to startup_stm32f4xx.o(.text) for Reset_Handler
    startup_stm32f4xx.o(RESET) refers to stm32f4xx_it.o(.text) for NMI_Handler
    startup_stm32f4xx.o(RESET) refers to port.o(.emb_text) for SVC_Handler
    startup_stm32f4xx.o(RESET) refers to port.o(.text) for SysTick_Handler
    startup_stm32f4xx.o(RESET) refers to can1.o(.text) for CAN1_TX_IRQHandler
    startup_stm32f4xx.o(RESET) refers to usart.o(.text) for USART1_IRQHandler
    startup_stm32f4xx.o(RESET) refers to usart6.o(.text) for USART3_IRQHandler
    startup_stm32f4xx.o(.text) refers to system_stm32f4xx.o(.text) for SystemInit
    startup_stm32f4xx.o(.text) refers to entry.o(.ARM.Collect$$$$00000000) for __main
    stm32f4xx_adc.o(.text) refers to stm32f4xx_rcc.o(.text) for RCC_APB2PeriphResetCmd
    stm32f4xx_can.o(.text) refers to stm32f4xx_rcc.o(.text) for RCC_APB1PeriphResetCmd
    stm32f4xx_cryp.o(.text) refers to stm32f4xx_rcc.o(.text) for RCC_AHB2PeriphResetCmd
    stm32f4xx_cryp_aes.o(.text) refers to stm32f4xx_cryp.o(.text) for CRYP_KeyStructInit
    stm32f4xx_cryp_des.o(.text) refers to stm32f4xx_cryp.o(.text) for CRYP_KeyStructInit
    stm32f4xx_cryp_tdes.o(.text) refers to stm32f4xx_cryp.o(.text) for CRYP_KeyStructInit
    stm32f4xx_dac.o(.text) refers to stm32f4xx_rcc.o(.text) for RCC_APB1PeriphResetCmd
    stm32f4xx_gpio.o(.text) refers to stm32f4xx_rcc.o(.text) for RCC_AHB1PeriphResetCmd
    stm32f4xx_hash.o(.text) refers to stm32f4xx_rcc.o(.text) for RCC_AHB2PeriphResetCmd
    stm32f4xx_hash_md5.o(.text) refers to stm32f4xx_hash.o(.text) for HASH_DeInit
    stm32f4xx_hash_sha1.o(.text) refers to stm32f4xx_hash.o(.text) for HASH_DeInit
    stm32f4xx_i2c.o(.text) refers to stm32f4xx_rcc.o(.text) for RCC_APB1PeriphResetCmd
    stm32f4xx_pwr.o(.text) refers to stm32f4xx_rcc.o(.text) for RCC_APB1PeriphResetCmd
    stm32f4xx_rcc.o(.text) refers to stm32f4xx_rcc.o(.data) for .data
    stm32f4xx_rng.o(.text) refers to stm32f4xx_rcc.o(.text) for RCC_AHB2PeriphResetCmd
    stm32f4xx_sdio.o(.text) refers to stm32f4xx_rcc.o(.text) for RCC_APB2PeriphResetCmd
    stm32f4xx_spi.o(.text) refers to stm32f4xx_rcc.o(.text) for RCC_APB2PeriphResetCmd
    stm32f4xx_syscfg.o(.text) refers to stm32f4xx_rcc.o(.text) for RCC_APB2PeriphResetCmd
    stm32f4xx_tim.o(.text) refers to stm32f4xx_rcc.o(.text) for RCC_APB2PeriphResetCmd
    stm32f4xx_usart.o(.text) refers to stm32f4xx_rcc.o(.text) for RCC_APB2PeriphResetCmd
    stm32f4xx_wwdg.o(.text) refers to stm32f4xx_rcc.o(.text) for RCC_APB1PeriphResetCmd
    system_stm32f4xx.o(.text) refers to system_stm32f4xx.o(.data) for .data
    can1.o(.text) refers to stm32f4xx_rcc.o(.text) for RCC_AHB1PeriphClockCmd
    can1.o(.text) refers to stm32f4xx_gpio.o(.text) for GPIO_PinAFConfig
    can1.o(.text) refers to misc.o(.text) for NVIC_Init
    can1.o(.text) refers to stm32f4xx_can.o(.text) for CAN_DeInit
    can1.o(.text) refers to can1.o(.bss) for .bss
    chassis.o(.text) refers to tasks.o(.text) for vTaskDelay
    chassis.o(.text) refers to motor.o(.text) for motorArm
    chassis.o(.text) refers to chassis.o(.data) for .data
    chassis.o(.text) refers to can1.o(.bss) for m3508a
    chassis.o(.text) refers to usart6.o(.bss) for rebuf
    chassis.o(.text) refers to chassis.o(.bss) for .bss
    chassis.o(.text) refers to oled.o(.text) for oled_clear
    chassis.o(.text) refers to stm32f4xx_gpio.o(.text) for GPIO_SetBits
    chassis.o(.text) refers to stm32f4xx_tim.o(.text) for TIM_SetCompare1
    chassis.o(.text) refers to pid.o(.text) for pid_palc
    chassis.o(.text) refers to can1.o(.text) for Run
    chassis.o(.text) refers to pid.o(.bss) for chassis_m3508b
    pid.o(.text) refers to pid.o(.bss) for .bss
    usart.o(.text) refers to stm32f4xx_rcc.o(.text) for RCC_AHB1PeriphClockCmd
    usart.o(.text) refers to stm32f4xx_gpio.o(.text) for GPIO_PinAFConfig
    usart.o(.text) refers to stm32f4xx_usart.o(.text) for USART_DeInit
    usart.o(.text) refers to misc.o(.text) for NVIC_Init
    usart.o(.text) refers to stm32f4xx_dma.o(.text) for DMA_Cmd
    usart.o(.text) refers to usart.o(.bss) for .bss
    usart6.o(.text) refers to stm32f4xx_rcc.o(.text) for RCC_AHB1PeriphClockCmd
    usart6.o(.text) refers to stm32f4xx_gpio.o(.text) for GPIO_PinAFConfig
    usart6.o(.text) refers to stm32f4xx_usart.o(.text) for USART_Init
    usart6.o(.text) refers to misc.o(.text) for NVIC_Init
    usart6.o(.text) refers to usart6.o(.bss) for .bss
    usart6.o(.text) refers to usart6.o(.data) for .data
    usart6.o(.text) refers to chassis.o(.bss) for code
    power.o(.text) refers to stm32f4xx_rcc.o(.text) for RCC_AHB1PeriphClockCmd
[...]
    .ARM.Collect$$$$00000000                 0x08000188   Section        0  entry.o(.ARM.Collect$$$$00000000)
    .ARM.Collect$$$$00000001                 0x08000188   Section        4  entry2.o(.ARM.Collect$$$$00000001)
    .ARM.Collect$$$$00000004                 0x0800018c   Section        4  entry5.o(.ARM.Collect$$$$00000004)
    .ARM.Collect$$$$00000008                 0x08000190   Section        0  entry7b.o(.ARM.Collect$$$$00000008)
    .ARM.Collect$$$$0000000A                 0x08000190   Section        0  entry8b.o(.ARM.Collect$$$$0000000A)
    .ARM.Collect$$$$0000000B                 0x08000190   Section        8  entry9a.o(.ARM.Collect$$$$0000000B)
    .ARM.Collect$$$$0000000D                 0x08000198   Section        0  entry10a.o(.ARM.Collect$$$$0000000D)
    .ARM.Collect$$$$0000000F                 0x08000198   Section        0  entry11a.o(.ARM.Collect$$$$0000000F)
    .ARM.Collect$$$$00002712                 0x08000198   Section        4  entry2.o(.ARM.Collect$$$$00002712)
    __lit__00000000                          0x08000198   Data           4  entry2.o(.ARM.Collect$$$$00002712)
    .emb_text                                0x0800019c   Section      182  port.o(.emb_text)
    $v0                                      0x0800019c   Number         0  port.o(.emb_text)
    .text                                    0x08000254   Section       36  startup_stm32f4xx.o(.text)
    $v0                                      0x08000254   Number         0  startup_stm32f4xx.o(.text)
    .text                                    0x08000278   Section        0  misc.o(.text)
    .text                                    0x08000328   Section        0  stm32f4xx_can.o(.text)
    CheckITStatus                            0x08000a1b   Thumb Code    12  stm32f4xx_can.o(.text)
    .text                                    0x08000a30   Section        0  stm32f4xx_dma.o(.text)
    .text                                    0x08000d50   Section        0  stm32f4xx_gpio.o(.text)
    .text                                    0x08000f3c   Section        0  stm32f4xx_rcc.o(.text)
    .text                                    0x08001310   Section        0  stm32f4xx_spi.o(.text)
    .text                                    0x08001600   Section        0  stm32f4xx_tim.o(.text)
    TI2_Config                               0x08001c4b   Thumb Code    54  stm32f4xx_tim.o(.text)
    TI1_Config                               0x08001faf   Thumb Code    46  stm32f4xx_tim.o(.text)
    .text                                    0x08001fdc   Section        0  stm32f4xx_usart.o(.text)
    .text                                    0x08002314   Section        0  system_stm32f4xx.o(.text)
    SetSysClock                              0x08002315   Thumb Code   162  system_stm32f4xx.o(.text)
    .text                                    0x08002494   Section        0  can1.o(.text)
    .text                                    0x080026d4   Section        0  chassis.o(.text)
    .text                                    0x08005460   Section        0  pid.o(.text)
    .text                                    0x080057bc   Section        0  usart.o(.text)
    .text                                    0x080059b8   Section        0  usart6.o(.text)
    .text                                    0x08005c54   Section        0  power.o(.text)
    .text                                    0x08005cdc   Section        0  tim5.o(.text)
    .text                                    0x08005e9c   Section        0  oled.o(.text)
    oled_set_pos                             0x08005ec1   Thumb Code    40  oled.o(.text)
    .text                                    0x080064b8   Section        0  spi.o(.text)
    .text                                    0x0800665c   Section        0  motor.o(.text)
    .text                                    0x08006778   Section        0  main.o(.text)
    .text                                    0x08006806   Section        0  stm32f4xx_it.o(.text)
    .text                                    0x08006814   Section        0  start_task.o(.text)
    .text                                    0x080068f0   Section        0  list.o(.text)
    .text                                    0x08006978   Section        0  queue.o(.text)
    prvUnlockQueue                           0x08006a4f   Thumb Code   106  queue.o(.text)
    prvCopyDataToQueue                       0x08006ab9   Thumb Code   106  queue.o(.text)
    prvCopyDataFromQueue                     0x08006ce3   Thumb Code    38  queue.o(.text)
    prvIsQueueEmpty                          0x080072d3   Thumb Code    26  queue.o(.text)
    .text                                    0x080072f0   Section        0  tasks.o(.text)
    prvAddNewTaskToReadyList                 0x080072f1   Thumb Code   196  tasks.o(.text)
    prvAddCurrentTaskToDelayedList           0x0800761f   Thumb Code   102  tasks.o(.text)
    prvTaskIsTaskSuspended                   0x080079af   Thumb Code    48  tasks.o(.text)
    prvIdleTask                              0x08007ad1   Thumb Code    44  tasks.o(.text)
    prvListTasksWithinSingleList             0x08007c31   Thumb Code    84  tasks.o(.text)
    prvInitialiseNewTask                     0x08008415   Thumb Code   154  tasks.o(.text)
    prvResetNextTaskUnblockTime              0x080084af   Thumb Code    26  tasks.o(.text)
    prvDeleteTCB                             0x080084c9   Thumb Code    20  tasks.o(.text)
    prvCheckTasksWaitingTermination          0x080084dd   Thumb Code    76  tasks.o(.text)
    .text                                    0x08008530   Section        0  timers.o(.text)
    prvInsertTimerInActiveList               0x08008531   Thumb Code    52  timers.o(.text)
    prvProcessReceivedCommands               0x080085bd   Thumb Code   180  timers.o(.text)
    prvTimerTask                             0x08008671   Thumb Code    34  timers.o(.text)
    prvCheckForValidListAndQueue             0x08008693   Thumb Code    62  timers.o(.text)
    prvSampleTimeNow                         0x0800882b   Thumb Code    36  timers.o(.text)
    prvProcessTimerOrBlockTask               0x0800884f   Thumb Code   172  timers.o(.text)
    prvSwitchTimerLists                      0x080088fb   Thumb Code   136  timers.o(.text)
    .text                                    0x08008984   Section        0  port.o(.text)
    prvTaskExitError                         0x08008985   Thumb Code    36  port.o(.text)
    .text                                    0x08008bc0   Section        0  heap_4.o(.text)
    prvInsertBlockIntoFreeList               0x08008bc1   Thumb Code    72  heap_4.o(.text)
    prvHeapInit                              0x08008d47   Thumb Code    66  heap_4.o(.text)
    .text                                    0x08008d90   Section        0  memcpya.o(.text)
    .text                                    0x08008db4   Section        0  memseta.o(.text)
    .text                                    0x08008dd8   Section        0  uidiv.o(.text)
    .text                                    0x08008e04   Section        0  uldiv.o(.text)
    .text                                    0x08008e66   Section        0  dadd.o(.text)
    .text                                    0x08008e66   Section        0  iusefp.o(.text)
    .text                                    0x08008fb4   Section        0  dmul.o(.text)
    .text                                    0x08009098   Section        0  ddiv.o(.text)
    .text                                    0x08009176   Section        0  dfixul.o(.text)
    .text                                    0x080091a8   Section       48  cdrcmple.o(.text)
    .text                                    0x080091d8   Section       36  init.o(.text)
    .text                                    0x080091fc   Section        0  llshl.o(.text)
    .text                                    0x0800921a   Section        0  llushr.o(.text)
    .text                                    0x0800923a   Section        0  llsshr.o(.text)
    .text                                    0x0800925e   Section        0  depilogue.o(.text)
    .text                                    0x08009318   Section        0  __dczerorl2.o(.text)
    i.__0vsprintf                            0x08009370   Section        0  printfa.o(i.__0vsprintf)
    i.__scatterload_copy                     0x08009394   Section       14  handlers.o(i.__scatterload_copy)
    i.__scatterload_null                     0x080093a2   Section        2  handlers.o(i.__scatterload_null)
    i.__scatterload_zeroinit                 0x080093a4   Section       14  handlers.o(i.__scatterload_zeroinit)
    i._fp_digits                             0x080093b4   Section        0  printfa.o(i._fp_digits)
    _fp_digits                               0x080093b5   Thumb Code   334  printfa.o(i._fp_digits)
    i._printf_core                           0x08009518   Section        0  printfa.o(i._printf_core)
    _printf_core                             0x08009519   Thumb Code  1744  printfa.o(i._printf_core)
    i._printf_post_padding                   0x08009bf4   Section        0  printfa.o(i._printf_post_padding)
    _printf_post_padding                     0x08009bf5   Thumb Code    36  printfa.o(i._printf_post_padding)
    i._printf_pre_padding                    0x08009c18   Section        0  printfa.o(i._printf_pre_padding)
    _printf_pre_padding                      0x08009c19   Thumb Code    46  printfa.o(i._printf_pre_padding)
    i._sputc                                 0x08009c46   Section        0  printfa.o(i._sputc)
    _sputc                                   0x08009c47   Thumb Code    10  printfa.o(i._sputc)
    .constdata                               0x08009c50   Section     2564  oled.o(.constdata)
    .data                                    0x20000000   Section       16  stm32f4xx_rcc.o(.data)
    APBAHBPrescTable                         0x20000000   Data          16  stm32f4xx_rcc.o(.data)
    .data                                    0x20000010   Section       20  system_stm32f4xx.o(.data)
    .data                                    0x20000024   Section      144  chassis.o(.data)
    .data                                    0x200000b4   Section       12  usart6.o(.data)
    .data                                    0x200000c0   Section       28  motor.o(.data)
    .data                                    0x200000dc   Section       20  start_task.o(.data)
    StartTask_Handler                        0x200000ec   Data           4  start_task.o(.data)
    .data                                    0x200000f0   Section       60  tasks.o(.data)
    uxDeletedTasksWaitingCleanUp             0x200000f4   Data           4  tasks.o(.data)
    uxCurrentNumberOfTasks                   0x200000f8   Data           4  tasks.o(.data)
    xTickCount                               0x200000fc   Data           4  tasks.o(.data)
    uxTopReadyPriority                       0x20000100   Data           4  tasks.o(.data)
    xSchedulerRunning                        0x20000104   Data           4  tasks.o(.data)
    uxPendedTicks                            0x20000108   Data           4  tasks.o(.data)
    xYieldPending                            0x2000010c   Data           4  tasks.o(.data)
    xNumOfOverflows                          0x20000110   Data           4  tasks.o(.data)
    uxTaskNumber                             0x20000114   Data           4  tasks.o(.data)
    xNextTaskUnblockTime                     0x20000118   Data           4  tasks.o(.data)
    xIdleTaskHandle                          0x2000011c   Data           4  tasks.o(.data)
    uxSchedulerSuspended                     0x20000120   Data           4  tasks.o(.data)
    pxDelayedTaskList                        0x20000124   Data           4  tasks.o(.data)
    pxOverflowDelayedTaskList                0x20000128   Data           4  tasks.o(.data)
    .data                                    0x2000012c   Section       20  timers.o(.data)
    xTimerQueue                              0x2000012c   Data           4  timers.o(.data)
    xTimerTaskHandle                         0x20000130   Data           4  timers.o(.data)
    xLastTime                                0x20000134   Data           4  timers.o(.data)
    pxCurrentTimerList                       0x20000138   Data           4  timers.o(.data)
    pxOverflowTimerList                      0x2000013c   Data           4  timers.o(.data)
    .data                                    0x20000140   Section       12  port.o(.data)
    ucMaxSysCallPriority                     0x20000140   Data           1  port.o(.data)
    uxCriticalNesting                        0x20000144   Data           4  port.o(.data)
    ulMaxPRIGROUPValue                       0x20000148   Data           4  port.o(.data)
    .data                                    0x2000014c   Section       24  heap_4.o(.data)
    pxEnd                                    0x2000014c   Data           4  heap_4.o(.data)
    xFreeBytesRemaining                      0x20000150   Data           4  heap_4.o(.data)
    xMinimumEverFreeBytesRemaining           0x20000154   Data           4  heap_4.o(.data)
    xBlockAllocatedBit                       0x20000158   Data           4  heap_4.o(.data)
    xStart                                   0x2000015c   Data           8  heap_4.o(.data)
    .bss                                     0x20000164   Section      120  can1.o(.bss)
    .bss                                     0x200001dc   Section       88  chassis.o(.bss)
    .bss                                     0x20000234   Section      648  pid.o(.bss)
    .bss                                     0x200004bc   Section       46  usart.o(.bss)
    .bss                                     0x200004ec   Section       88  usart6.o(.bss)
    .bss                                     0x20000544   Section     1024  oled.o(.bss)
    OLED_GRAM                                0x20000544   Data        1024  oled.o(.bss)
    .bss                                     0x20000944   Section       64  queue.o(.bss)
    .bss                                     0x20000984   Section      200  tasks.o(.bss)
    pxReadyTasksLists                        0x20000984   Data         100  tasks.o(.bss)
    xDelayedTaskList1                        0x200009e8   Data          20  tasks.o(.bss)
    xDelayedTaskList2                        0x200009fc   Data          20  tasks.o(.bss)
    xPendingReadyList                        0x20000a10   Data          20  tasks.o(.bss)
    xTasksWaitingTermination                 0x20000a24   Data          20  tasks.o(.bss)
    xSuspendedTaskList                       0x20000a38   Data          20  tasks.o(.bss)
    .bss                                     0x20000a4c   Section       40  timers.o(.bss)
    xActiveTimerList1                        0x20000a4c   Data          20  timers.o(.bss)
    xActiveTimerList2                        0x20000a60   Data          20  timers.o(.bss)
    .bss                                     0x20000a74   Section    76800  heap_4.o(.bss)
    ucHeap                                   0x20000a74   Data       76800  heap_4.o(.bss)
    STACK                                    0x20013678   Section     1024  startup_stm32f4xx.o(STACK)

    Global Symbols

    Symbol Name                              Value     Ov Type        Size  Object(Section)

    BuildAttributes$$THM_ISAv4$E$P$D$K$B$S$7EM$VFPi3$EXTD16$VFPS$VFMA$PE$A:L22UL41UL21$X:L11$S22US41US21$IEEE1$IW$USESV6$~STKCKD$USESV7$~SHL$OSPACE$ROPI$EBA8$MICROLIB$REQ8$PRES8$EABIv2 0x00000000   Number         0  anon$$obj.o ABSOLUTE
    __ARM_use_no_argv                        0x00000000   Number         0  main.o ABSOLUTE
    __cpp_initialize__aeabi_                  - Undefined Weak Reference
    __cxa_finalize                            - Undefined Weak Reference
    _clock_init                               - Undefined Weak Reference
    _microlib_exit                            - Undefined Weak Reference
    __Vectors_Size                           0x00000188   Number         0  startup_stm32f4xx.o ABSOLUTE
    __Vectors                                0x08000000   Data           4  startup_stm32f4xx.o(RESET)
    __Vectors_End                            0x08000188   Data           0  startup_stm32f4xx.o(RESET)
    __main                                   0x08000189   Thumb Code     0  entry.o(.ARM.Collect$$$$00000000)
    _main_stk                                0x08000189   Thumb Code     0  entry2.o(.ARM.Collect$$$$00000001)
    _main_scatterload                        0x0800018d   Thumb Code     0  entry5.o(.ARM.Collect$$$$00000004)
    __main_after_scatterload                 0x08000191   Thumb Code     0  entry5.o(.ARM.Collect$$$$00000004)
    _main_clock                              0x08000191   Thumb Code     0  entry7b.o(.ARM.Collect$$$$00000008)
    _main_cpp_init                           0x08000191   Thumb Code     0  entry8b.o(.ARM.Collect$$$$0000000A)
    _main_init                               0x08000191   Thumb Code     0  entry9a.o(.ARM.Collect$$$$0000000B)
    __rt_final_cpp                           0x08000199   Thumb Code     0  entry10a.o(.ARM.Collect$$$$0000000D)
    __rt_final_exit                          0x08000199   Thumb Code     0  entry11a.o(.ARM.Collect$$$$0000000F)
    SVC_Handler                              0x0800019d   Thumb Code    28  port.o(.emb_text)
    __asm___6_port_c_39a90d8d__prvStartFirstTask 0x080001bd   Thumb Code    28  port.o(.emb_text)
    __asm___6_port_c_39a90d8d__prvEnableVFP  0x080001dd   Thumb Code    16  port.o(.emb_text)
    PendSV_Handler                           0x080001f1   Thumb Code    88  port.o(.emb_text)
    vPortGetIPSR                             0x0800024d   Thumb Code     6  port.o(.emb_text)
    Reset_Handler                            0x08000255   Thumb Code     8  startup_stm32f4xx.o(.text)
    ADC_IRQHandler                           0x0800026f   Thumb Code     0  startup_stm32f4xx.o(.text)
    CAN1_RX1_IRQHandler                      0x0800026f   Thumb Code     0  startup_stm32f4xx.o(.text)
    CAN1_SCE_IRQHandler                      0x0800026f   Thumb Code     0  startup_stm32f4xx.o(.text)
    CAN2_RX0_IRQHandler                      0x0800026f   Thumb Code     0  startup_stm32f4xx.o(.text)
    CAN2_RX1_IRQHandler                      0x0800026f   Thumb Code     0  startup_stm32f4xx.o(.text)
    CAN2_SCE_IRQHandler                      0x0800026f   Thumb Code     0  startup_stm32f4xx.o(.text)
    CAN2_TX_IRQHandler                       0x0800026f   Thumb Code     0  startup_stm32f4xx.o(.text)
    CRYP_IRQHandler                          0x0800026f   Thumb Code     0  startup_stm32f4xx.o(.text)
    DCMI_IRQHandler                          0x0800026f   Thumb Code     0  startup_stm32f4xx.o(.text)
    DMA1_Stream0_IRQHandler                  0x0800026f   Thumb Code     0  startup_stm32f4xx.o(.text)
    DMA1_Stream1_IRQHandler                  0x0800026f   Thumb Code     0  startup_stm32f4xx.o(.text)
    DMA1_Stream2_IRQHandler                  0x0800026f   Thumb Code     0  startup_stm32f4xx.o(.text)
    DMA1_Stream3_IRQHandler                  0x0800026f   Thumb Code     0  startup_stm32f4xx.o(.text)
    DMA1_Stream4_IRQHandler                  0x0800026f   Thumb Code     0  startup_stm32f4xx.o(.text)
    DMA1_Stream5_IRQHandler                  0x0800026f   Thumb Code     0  startup_stm32f4xx.o(.text)
    DMA1_Stream6_IRQHandler                  0x0800026f   Thumb Code     0  startup_stm32f4xx.o(.text)
    DMA1_Stream7_IRQHandler                  0x0800026f   Thumb Code     0  startup_stm32f4xx.o(.text)
    DMA2_Stream0_IRQHandler                  0x0800026f   Thumb Code     0  startup_stm32f4xx.o(.text)
    DMA2_Stream1_IRQHandler                  0x0800026f   Thumb Code     0  startup_stm32f4xx.o(.text)
    DMA2_Stream2_IRQHandler                  0x0800026f   Thumb Code     0  startup_stm32f4xx.o(.text)
    DMA2_Stream3_IRQHandler                  0x0800026f   Thumb Code     0  startup_stm32f4xx.o(.text)
    DMA2_Stream4_IRQHandler                  0x0800026f   Thumb Code     0  startup_stm32f4xx.o(.text)
    DMA2_Stream6_IRQHandler                  0x0800026f   Thumb Code     0  startup_stm32f4xx.o(.text)
    DMA2_Stream7_IRQHandler                  0x0800026f   Thumb Code     0  startup_stm32f4xx.o(.text)
    ETH_IRQHandler                           0x0800026f   Thumb Code     0  startup_stm32f4xx.o(.text)
    ETH_WKUP_IRQHandler                      0x0800026f   Thumb Code     0  startup_stm32f4xx.o(.text)
    EXTI0_IRQHandler                         0x0800026f   Thumb Code     0  startup_stm32f4xx.o(.text)
    EXTI15_10_IRQHandler                     0x0800026f   Thumb Code     0  startup_stm32f4xx.o(.text)
    EXTI1_IRQHandler                         0x0800026f   Thumb Code     0  startup_stm32f4xx.o(.text)
    EXTI2_IRQHandler                         0x0800026f   Thumb Code     0  startup_stm32f4xx.o(.text)
    EXTI3_IRQHandler                         0x0800026f   Thumb Code     0  startup_stm32f4xx.o(.text)
    EXTI4_IRQHandler                         0x0800026f   Thumb Code     0  startup_stm32f4xx.o(.text)
    EXTI9_5_IRQHandler                       0x0800026f   Thumb Code     0  startup_stm32f4xx.o(.text)
    FLASH_IRQHandler                         0x0800026f   Thumb Code     0  startup_stm32f4xx.o(.text)
    FPU_IRQHandler                           0x0800026f   Thumb Code     0  startup_stm32f4xx.o(.text)
    FSMC_IRQHandler                          0x0800026f   Thumb Code     0  startup_stm32f4xx.o(.text)
    HASH_RNG_IRQHandler                      0x0800026f   Thumb Code     0  startup_stm32f4xx.o(.text)
    I2C1_ER_IRQHandler                       0x0800026f   Thumb Code     0  startup_stm32f4xx.o(.text)
    I2C1_EV_IRQHandler                       0x0800026f   Thumb Code     0  startup_stm32f4xx.o(.text)
    I2C2_ER_IRQHandler                       0x0800026f   Thumb Code     0  startup_stm32f4xx.o(.text)
    I2C2_EV_IRQHandler                       0x0800026f   Thumb Code     0  startup_stm32f4xx.o(.text)
    I2C3_ER_IRQHandler                       0x0800026f   Thumb Code     0  startup_stm32f4xx.o(.text)
    I2C3_EV_IRQHandler                       0x0800026f   Thumb Code     0  startup_stm32f4xx.o(.text)
    OTG_FS_IRQHandler                        0x0800026f   Thumb Code     0  startup_stm32f4xx.o(.text)
    OTG_FS_WKUP_IRQHandler                   0x0800026f   Thumb Code     0  startup_stm32f4xx.o(.text)
    OTG_HS_EP1_IN_IRQHandler                 0x0800026f   Thumb Code     0  startup_stm32f4xx.o(.text)
    OTG_HS_EP1_OUT_IRQHandler                0x0800026f   Thumb Code     0  startup_stm32f4xx.o(.text)
    OTG_HS_IRQHandler                        0x0800026f   Thumb Code     0  startup_stm32f4xx.o(.text)
    OTG_HS_WKUP_IRQHandler                   0x0800026f   Thumb Code     0  startup_stm32f4xx.o(.text)
    PVD_IRQHandler                           0x0800026f   Thumb Code     0  startup_stm32f4xx.o(.text)
    RCC_IRQHandler                           0x0800026f   Thumb Code     0  startup_stm32f4xx.o(.text)
    RTC_Alarm_IRQHandler                     0x0800026f   Thumb Code     0  startup_stm32f4xx.o(.text)
    RTC_WKUP_IRQHandler                      0x0800026f   Thumb Code     0  startup_stm32f4xx.o(.text)
    SDIO_IRQHandler                          0x0800026f   Thumb Code     0  startup_stm32f4xx.o(.text)
    SPI1_IRQHandler                          0x0800026f   Thumb Code     0  startup_stm32f4xx.o(.text)
    SPI2_IRQHandler                          0x0800026f   Thumb Code     0  startup_stm32f4xx.o(.text)
    SPI3_IRQHandler                          0x0800026f   Thumb Code     0  startup_stm32f4xx.o(.text)
    TAMP_STAMP_IRQHandler                    0x0800026f   Thumb Code     0  startup_stm32f4xx.o(.text)
    TIM1_BRK_TIM9_IRQHandler                 0x0800026f   Thumb Code     0  startup_stm32f4xx.o(.text)
    TIM1_CC_IRQHandler                       0x0800026f   Thumb Code     0  startup_stm32f4xx.o(.text)
    TIM1_TRG_COM_TIM11_IRQHandler            0x0800026f   Thumb Code     0  startup_stm32f4xx.o(.text)
    TIM1_UP_TIM10_IRQHandler                 0x0800026f   Thumb Code     0  startup_stm32f4xx.o(.text)
    TIM2_IRQHandler                          0x0800026f   Thumb Code     0  startup_stm32f4xx.o(.text)
    TIM3_IRQHandler                          0x0800026f   Thumb Code     0  startup_stm32f4xx.o(.text)
    TIM4_IRQHandler                          0x0800026f   Thumb Code     0  startup_stm32f4xx.o(.text)
    TIM5_IRQHandler                          0x0800026f   Thumb Code     0  startup_stm32f4xx.o(.text)
    TIM6_DAC_IRQHandler                      0x0800026f   Thumb Code     0  startup_stm32f4xx.o(.text)
    TIM7_IRQHandler                          0x0800026f   Thumb Code     0  startup_stm32f4xx.o(.text)
    TIM8_BRK_TIM12_IRQHandler                0x0800026f   Thumb Code     0  startup_stm32f4xx.o(.text)
    TIM8_CC_IRQHandler                       0x0800026f   Thumb Code     0  startup_stm32f4xx.o(.text)
    TIM8_TRG_COM_TIM14_IRQHandler            0x0800026f   Thumb Code     0  startup_stm32f4xx.o(.text)
    TIM8_UP_TIM13_IRQHandler                 0x0800026f   Thumb Code     0  startup_stm32f4xx.o(.text)
    UART4_IRQHandler                         0x0800026f   Thumb Code     0  startup_stm32f4xx.o(.text)
    UART5_IRQHandler                         0x0800026f   Thumb Code     0  startup_stm32f4xx.o(.text)
    USART2_IRQHandler                        0x0800026f   Thumb Code     0  startup_stm32f4xx.o(.text)
    WWDG_IRQHandler                          0x0800026f   Thumb Code     0  startup_stm32f4xx.o(.text)
    NVIC_PriorityGroupConfig                 0x08000279   Thumb Code    10  misc.o(.text)
    NVIC_Init                                0x08000283   Thumb Code    96  misc.o(.text)
    NVIC_SetVectorTable                      0x080002e3   Thumb Code    14  misc.o(.text)
    NVIC_SystemLPConfig                      0x080002f1   Thumb Code    20  misc.o(.text)
    SysTick_CLKSourceConfig                  0x08000305   Thumb Code    24  misc.o(.text)
    CAN_DeInit                               0x08000329   Thumb Code    38  stm32f4xx_can.o(.text)
    CAN_Init                                 0x0800034f   Thumb Code   232  stm32f4xx_can.o(.text)
    CAN_FilterInit                           0x08000437   Thumb Code   194  stm32f4xx_can.o(.text)
    CAN_StructInit                           0x080004f9   Thumb Code    32  stm32f4xx_can.o(.text)
    CAN_SlaveStartBank                       0x08000519   Thumb Code    38  stm32f4xx_can.o(.text)
    CAN_DBGFreeze                            0x0800053f   Thumb Code    20  stm32f4xx_can.o(.text)
    CAN_TTComModeCmd                         0x08000553   Thumb Code    90  stm32f4xx_can.o(.text)
    CAN_Transmit                             0x080005ad   Thumb Code   164  stm32f4xx_can.o(.text)
    CAN_TransmitStatus                       0x08000651   Thumb Code    88  stm32f4xx_can.o(.text)
    CAN_CancelTransmit                       0x080006a9   Thumb Code    36  stm32f4xx_can.o(.text)
    CAN_Receive                              0x080006cd   Thumb Code   178  stm32f4xx_can.o(.text)
    CAN_FIFORelease                          0x0800077f   Thumb Code    22  stm32f4xx_can.o(.text)
    CAN_MessagePending                       0x08000795   Thumb Code    22  stm32f4xx_can.o(.text)
    CAN_OperatingModeRequest                 0x080007ab   Thumb Code   140  stm32f4xx_can.o(.text)
    CAN_Sleep                                0x08000837   Thumb Code    30  stm32f4xx_can.o(.text)
    CAN_WakeUp                               0x08000855   Thumb Code    40  stm32f4xx_can.o(.text)
    CAN_GetLastErrorCode                     0x0800087d   Thumb Code    10  stm32f4xx_can.o(.text)
    CAN_GetReceiveErrorCounter               0x08000887   Thumb Code     6  stm32f4xx_can.o(.text)
    CAN_GetLSBTransmitErrorCounter           0x0800088d   Thumb Code     8  stm32f4xx_can.o(.text)
    CAN_ITConfig                             0x08000895   Thumb Code    16  stm32f4xx_can.o(.text)
    CAN_GetFlagStatus                        0x080008a5   Thumb Code    52  stm32f4xx_can.o(.text)
    CAN_ClearFlag                            0x080008d9   Thumb Code    44  stm32f4xx_can.o(.text)
    CAN_GetITStatus                          0x08000905   Thumb Code   162  stm32f4xx_can.o(.text)
    CAN_ClearITPendingBit                    0x080009a7   Thumb Code   116  stm32f4xx_can.o(.text)
    DMA_DeInit                               0x08000a31   Thumb Code   272  stm32f4xx_dma.o(.text)
    DMA_Init                                 0x08000b41   Thumb Code    80  stm32f4xx_dma.o(.text)
    DMA_StructInit                           0x08000b91   Thumb Code    34  stm32f4xx_dma.o(.text)
    DMA_Cmd                                  0x08000bb3   Thumb Code    20  stm32f4xx_dma.o(.text)
    DMA_PeriphIncOffsetSizeConfig            0x08000bc7   Thumb Code    20  stm32f4xx_dma.o(.text)
    DMA_FlowControllerConfig                 0x08000bdb   Thumb Code    20  stm32f4xx_dma.o(.text)
    DMA_SetCurrDataCounter                   0x08000bef   Thumb Code     4  stm32f4xx_dma.o(.text)
    DMA_GetCurrDataCounter                   0x08000bf3   Thumb Code     6  stm32f4xx_dma.o(.text)
    DMA_DoubleBufferModeConfig               0x08000bf9   Thumb Code    22  stm32f4xx_dma.o(.text)
    DMA_DoubleBufferModeCmd                  0x08000c0f   Thumb Code    20  stm32f4xx_dma.o(.text)
    DMA_MemoryTargetConfig                   0x08000c23   Thumb Code    10  stm32f4xx_dma.o(.text)
    DMA_GetCurrentMemoryTarget               0x08000c2d   Thumb Code    14  stm32f4xx_dma.o(.text)
    DMA_GetCmdStatus                         0x08000c3b   Thumb Code    14  stm32f4xx_dma.o(.text)
    DMA_GetFIFOStatus                        0x08000c49   Thumb Code     8  stm32f4xx_dma.o(.text)
    DMA_GetFlagStatus                        0x08000c51   Thumb Code    42  stm32f4xx_dma.o(.text)
    DMA_ClearFlag                            0x08000c7b   Thumb Code    34  stm32f4xx_dma.o(.text)
    DMA_ITConfig                             0x08000c9d   Thumb Code    44  stm32f4xx_dma.o(.text)
    DMA_GetITStatus                          0x08000cc9   Thumb Code    70  stm32f4xx_dma.o(.text)
    DMA_ClearITPendingBit                    0x08000d0f   Thumb Code    34  stm32f4xx_dma.o(.text)
    GPIO_DeInit                              0x08000d51   Thumb Code   192  stm32f4xx_gpio.o(.text)
    GPIO_Init                                0x08000e11   Thumb Code   120  stm32f4xx_gpio.o(.text)
    GPIO_StructInit                          0x08000e89   Thumb Code    18  stm32f4xx_gpio.o(.text)
    GPIO_PinLockConfig                       0x08000e9b   Thumb Code    24  stm32f4xx_gpio.o(.text)
    GPIO_ReadInputDataBit                    0x08000eb3   Thumb Code    14  stm32f4xx_gpio.o(.text)
    GPIO_ReadInputData                       0x08000ec1   Thumb Code     6  stm32f4xx_gpio.o(.text)
    GPIO_ReadOutputDataBit                   0x08000ec7   Thumb Code    14  stm32f4xx_gpio.o(.text)
    GPIO_ReadOutputData                      0x08000ed5   Thumb Code     6  stm32f4xx_gpio.o(.text)
    GPIO_SetBits                             0x08000edb   Thumb Code     4  stm32f4xx_gpio.o(.text)
    GPIO_ResetBits                           0x08000edf   Thumb Code     4  stm32f4xx_gpio.o(.text)
    GPIO_WriteBit                            0x08000ee3   Thumb Code    10  stm32f4xx_gpio.o(.text)
    GPIO_Write                               0x08000eed   Thumb Code     4  stm32f4xx_gpio.o(.text)
    GPIO_ToggleBits                          0x08000ef1   Thumb Code     8  stm32f4xx_gpio.o(.text)
    GPIO_PinAFConfig                         0x08000ef9   Thumb Code    32  stm32f4xx_gpio.o(.text)
    RCC_DeInit                               0x08000f3d   Thumb Code    48  stm32f4xx_rcc.o(.text)
    RCC_HSEConfig                            0x08000f6d   Thumb Code    12  stm32f4xx_rcc.o(.text)
    RCC_GetFlagStatus                        0x08000f79   Thumb Code    46  stm32f4xx_rcc.o(.text)
    RCC_WaitForHSEStartUp                    0x08000fa7   Thumb Code    44  stm32f4xx_rcc.o(.text)
    RCC_AdjustHSICalibrationValue            0x08000fd3   Thumb Code    16  stm32f4xx_rcc.o(.text)
    RCC_HSICmd                               0x08000fe3   Thumb Code     6  stm32f4xx_rcc.o(.text)
    RCC_LSEConfig                            0x08000fe9   Thumb Code    24  stm32f4xx_rcc.o(.text)
    RCC_LSICmd                               0x08001001   Thumb Code     6  stm32f4xx_rcc.o(.text)
    RCC_PLLConfig                            0x08001007   Thumb Code    32  stm32f4xx_rcc.o(.text)
    RCC_PLLCmd                               0x08001027   Thumb Code     6  stm32f4xx_rcc.o(.text)
    RCC_PLLI2SConfig                         0x0800102d   Thumb Code    14  stm32f4xx_rcc.o(.text)
    RCC_PLLI2SCmd                            0x0800103b   Thumb Code     6  stm32f4xx_rcc.o(.text)
    RCC_ClockSecuritySystemCmd               0x08001041   Thumb Code     6  stm32f4xx_rcc.o(.text)
    RCC_MCO1Config                           0x08001047   Thumb Code    18  stm32f4xx_rcc.o(.text)
    RCC_MCO2Config                           0x08001059   Thumb Code    18  stm32f4xx_rcc.o(.text)
    RCC_SYSCLKConfig                         0x0800106b   Thumb Code    16  stm32f4xx_rcc.o(.text)
    RCC_GetSYSCLKSource                      0x0800107b   Thumb Code    12  stm32f4xx_rcc.o(.text)
    RCC_HCLKConfig                           0x08001087   Thumb Code    16  stm32f4xx_rcc.o(.text)
    RCC_PCLK1Config                          0x08001097   Thumb Code    16  stm32f4xx_rcc.o(.text)
    RCC_PCLK2Config                          0x080010a7   Thumb Code    18  stm32f4xx_rcc.o(.text)
    RCC_GetClocksFreq                        0x080010b9   Thumb Code   134  stm32f4xx_rcc.o(.text)
    RCC_RTCCLKConfig                         0x0800113f   Thumb Code    42  stm32f4xx_rcc.o(.text)
    RCC_RTCCLKCmd                            0x08001169   Thumb Code     8  stm32f4xx_rcc.o(.text)
    RCC_BackupResetCmd                       0x08001171   Thumb Code     8  stm32f4xx_rcc.o(.text)
    RCC_I2SCLKConfig                         0x08001179   Thumb Code     8  stm32f4xx_rcc.o(.text)
    RCC_AHB1PeriphClockCmd                   0x08001181   Thumb Code    20  stm32f4xx_rcc.o(.text)
    RCC_AHB2PeriphClockCmd                   0x08001195   Thumb Code    20  stm32f4xx_rcc.o(.text)
    RCC_AHB3PeriphClockCmd                   0x080011a9   Thumb Code    20  stm32f4xx_rcc.o(.text)
    RCC_APB1PeriphClockCmd                   0x080011bd   Thumb Code    20  stm32f4xx_rcc.o(.text)
    RCC_APB2PeriphClockCmd                   0x080011d1   Thumb Code    20  stm32f4xx_rcc.o(.text)
    RCC_AHB1PeriphResetCmd                   0x080011e5   Thumb Code    20  stm32f4xx_rcc.o(.text)
    RCC_AHB2PeriphResetCmd                   0x080011f9   Thumb Code    20  stm32f4xx_rcc.o(.text)
    RCC_AHB3PeriphResetCmd                   0x0800120d   Thumb Code    20  stm32f4xx_rcc.o(.text)
    RCC_APB1PeriphResetCmd                   0x08001221   Thumb Code    20  stm32f4xx_rcc.o(.text)
    RCC_APB2PeriphResetCmd                   0x08001235   Thumb Code    20  stm32f4xx_rcc.o(.text)
    RCC_AHB1PeriphClockLPModeCmd             0x08001249   Thumb Code    20  stm32f4xx_rcc.o(.text)
    RCC_AHB2PeriphClockLPModeCmd             0x0800125d   Thumb Code    20  stm32f4xx_rcc.o(.text)
    RCC_AHB3PeriphClockLPModeCmd             0x08001271   Thumb Code    20  stm32f4xx_rcc.o(.text)
    RCC_APB1PeriphClockLPModeCmd             0x08001285   Thumb Code    20  stm32f4xx_rcc.o(.text)
    RCC_APB2PeriphClockLPModeCmd             0x08001299   Thumb Code    20  stm32f4xx_rcc.o(.text)
    RCC_ITConfig                             0x080012ad   Thumb Code    20  stm32f4xx_rcc.o(.text)
    RCC_ClearFlag                            0x080012c1   Thumb Code    14  stm32f4xx_rcc.o(.text)
    RCC_GetITStatus                          0x080012cf   Thumb Code    18  stm32f4xx_rcc.o(.text)
    RCC_ClearITPendingBit                    0x080012e1   Thumb Code     8  stm32f4xx_rcc.o(.text)
    SPI_I2S_DeInit                           0x08001311   Thumb Code    72  stm32f4xx_spi.o(.text)
    SPI_Init                                 0x08001359   Thumb Code    56  stm32f4xx_spi.o(.text)
    I2S_Init                                 0x08001391   Thumb Code   188  stm32f4xx_spi.o(.text)
    SPI_StructInit                           0x0800144d   Thumb Code    24  stm32f4xx_spi.o(.text)
    I2S_StructInit                           0x08001465   Thumb Code    18  stm32f4xx_spi.o(.text)
    SPI_Cmd                                  0x08001477   Thumb Code    20  stm32f4xx_spi.o(.text)
    I2S_Cmd                                  0x0800148b   Thumb Code    20  stm32f4xx_spi.o(.text)
    SPI_DataSizeConfig                       0x0800149f   Thumb Code    16  stm32f4xx_spi.o(.text)
    SPI_BiDirectionalLineConfig              0x080014af   Thumb Code    22  stm32f4xx_spi.o(.text)
    SPI_NSSInternalSoftwareConfig            0x080014c5   Thumb Code    24  stm32f4xx_spi.o(.text)
    SPI_SSOutputCmd                          0x080014dd   Thumb Code    20  stm32f4xx_spi.o(.text)
    SPI_TIModeCmd                            0x080014f1   Thumb Code    20  stm32f4xx_spi.o(.text)
    I2S_FullDuplexConfig                     0x08001505   Thumb Code    58  stm32f4xx_spi.o(.text)
    SPI_I2S_ReceiveData                      0x0800153f   Thumb Code     4  stm32f4xx_spi.o(.text)
    SPI_I2S_SendData                         0x08001543   Thumb Code     4  stm32f4xx_spi.o(.text)
    SPI_CalculateCRC                         0x08001547   Thumb Code    20  stm32f4xx_spi.o(.text)
    SPI_TransmitCRC                          0x0800155b   Thumb Code    10  stm32f4xx_spi.o(.text)
    SPI_GetCRC                               0x08001565   Thumb Code    12  stm32f4xx_spi.o(.text)
    SPI_GetCRCPolynomial                     0x08001571   Thumb Code     4  stm32f4xx_spi.o(.text)
    SPI_I2S_DMACmd                           0x08001575   Thumb Code    16  stm32f4xx_spi.o(.text)
    SPI_I2S_ITConfig                         0x08001585   Thumb Code    24  stm32f4xx_spi.o(.text)
    SPI_I2S_GetFlagStatus                    0x0800159d   Thumb Code    14  stm32f4xx_spi.o(.text)
    SPI_I2S_ClearFlag                        0x080015ab   Thumb Code     6  stm32f4xx_spi.o(.text)
    SPI_I2S_GetITStatus                      0x080015b1   Thumb Code    44  stm32f4xx_spi.o(.text)
    SPI_I2S_ClearITPendingBit                0x080015dd   Thumb Code    14  stm32f4xx_spi.o(.text)
    TIM_DeInit                               0x08001601   Thumb Code   284  stm32f4xx_tim.o(.text)
    TIM_TimeBaseInit                         0x0800171d   Thumb Code    96  stm32f4xx_tim.o(.text)
    TIM_TimeBaseStructInit                   0x0800177d   Thumb Code    18  stm32f4xx_tim.o(.text)
    TIM_PrescalerConfig                      0x0800178f   Thumb Code     6  stm32f4xx_tim.o(.text)
    TIM_CounterModeConfig                    0x08001795   Thumb Code    12  stm32f4xx_tim.o(.text)
    TIM_SetCounter                           0x080017a1   Thumb Code     4  stm32f4xx_tim.o(.text)
    TIM_SetAutoreload                        0x080017a5   Thumb Code     4  stm32f4xx_tim.o(.text)
    TIM_GetCounter                           0x080017a9   Thumb Code     4  stm32f4xx_tim.o(.text)
    TIM_GetPrescaler                         0x080017ad   Thumb Code     4  stm32f4xx_tim.o(.text)
    TIM_UpdateDisableConfig                  0x080017b1   Thumb Code    20  stm32f4xx_tim.o(.text)
    TIM_UpdateRequestConfig                  0x080017c5   Thumb Code    20  stm32f4xx_tim.o(.text)
    TIM_ARRPreloadConfig                     0x080017d9   Thumb Code    20  stm32f4xx_tim.o(.text)
    TIM_SelectOnePulseMode                   0x080017ed   Thumb Code    16  stm32f4xx_tim.o(.text)
    TIM_SetClockDivision                     0x080017fd   Thumb Code    16  stm32f4xx_tim.o(.text)
    TIM_Cmd                                  0x0800180d   Thumb Code    20  stm32f4xx_tim.o(.text)
    TIM_OC1Init                              0x08001821   Thumb Code    88  stm32f4xx_tim.o(.text)
    TIM_OC2Init                              0x08001879   Thumb Code   120  stm32f4xx_tim.o(.text)
    TIM_OC3Init                              0x080018f1   Thumb Code   116  stm32f4xx_tim.o(.text)
    TIM_OC4Init                              0x08001965   Thumb Code    88  stm32f4xx_tim.o(.text)
    TIM_OCStructInit                         0x080019bd   Thumb Code    20  stm32f4xx_tim.o(.text)
    TIM_SelectOCxM                           0x080019d1   Thumb Code   130  stm32f4xx_tim.o(.text)
    TIM_SetCompare1                          0x08001a53   Thumb Code     4  stm32f4xx_tim.o(.text)
    TIM_SetCompare2                          0x08001a57   Thumb Code     4  stm32f4xx_tim.o(.text)
    TIM_SetCompare3                          0x08001a5b   Thumb Code     4  stm32f4xx_tim.o(.text)
    TIM_SetCompare4                          0x08001a5f   Thumb Code     4  stm32f4xx_tim.o(.text)
    TIM_ForcedOC1Config                      0x08001a63   Thumb Code    12  stm32f4xx_tim.o(.text)
    TIM_ForcedOC2Config                      0x08001a6f   Thumb Code    20  stm32f4xx_tim.o(.text)
    TIM_ForcedOC3Config                      0x08001a83   Thumb Code    12  stm32f4xx_tim.o(.text)
    TIM_ForcedOC4Config                      0x08001a8f   Thumb Code    20  stm32f4xx_tim.o(.text)
    TIM_OC1PreloadConfig                     0x08001aa3   Thumb Code    12  stm32f4xx_tim.o(.text)
    TIM_OC2PreloadConfig                     0x08001aaf   Thumb Code    20  stm32f4xx_tim.o(.text)
    TIM_OC3PreloadConfig                     0x08001ac3   Thumb Code    12  stm32f4xx_tim.o(.text)
    TIM_OC4PreloadConfig                     0x08001acf   Thumb Code    20  stm32f4xx_tim.o(.text)
    TIM_OC1FastConfig                        0x08001ae3   Thumb Code    12  stm32f4xx_tim.o(.text)
    TIM_OC2FastConfig                        0x08001aef   Thumb Code    20  stm32f4xx_tim.o(.text)
    TIM_OC3FastConfig                        0x08001b03   Thumb Code    12  stm32f4xx_tim.o(.text)
    TIM_OC4FastConfig                        0x08001b0f   Thumb Code    20  stm32f4xx_tim.o(.text)
    TIM_ClearOC1Ref                          0x08001b23   Thumb Code    12  stm32f4xx_tim.o(.text)
    TIM_ClearOC2Ref                          0x08001b2f   Thumb Code    20  stm32f4xx_tim.o(.text)
    TIM_ClearOC3Ref                          0x08001b43   Thumb Code    12  stm32f4xx_tim.o(.text)
    TIM_ClearOC4Ref                          0x08001b4f   Thumb Code    20  stm32f4xx_tim.o(.text)
    TIM_OC1PolarityConfig                    0x08001b63   Thumb Code    12  stm32f4xx_tim.o(.text)
    TIM_OC1NPolarityConfig                   0x08001b6f   Thumb Code    12  stm32f4xx_tim.o(.text)
    TIM_OC2PolarityConfig                    0x08001b7b   Thumb Code    20  stm32f4xx_tim.o(.text)
    TIM_OC2NPolarityConfig                   0x08001b8f   Thumb Code    20  stm32f4xx_tim.o(.text)
    TIM_OC3PolarityConfig                    0x08001ba3   Thumb Code    20  stm32f4xx_tim.o(.text)
    TIM_OC3NPolarityConfig                   0x08001bb7   Thumb Code    20  stm32f4xx_tim.o(.text)
    TIM_OC4PolarityConfig                    0x08001bcb   Thumb Code    20  stm32f4xx_tim.o(.text)
    TIM_CCxCmd                               0x08001bdf   Thumb Code    22  stm32f4xx_tim.o(.text)
    TIM_CCxNCmd                              0x08001bf5   Thumb Code    22  stm32f4xx_tim.o(.text)
    TIM_SetIC4Prescaler                      0x08001c0b   Thumb Code    24  stm32f4xx_tim.o(.text)
    TIM_SetIC3Prescaler                      0x08001c23   Thumb Code    16  stm32f4xx_tim.o(.text)
    TIM_SetIC2Prescaler                      0x08001c33   Thumb Code    24  stm32f4xx_tim.o(.text)
    TIM_SetIC1Prescaler                      0x08001c81   Thumb Code    16  stm32f4xx_tim.o(.text)
    TIM_ICInit                               0x08001c91   Thumb Code   164  stm32f4xx_tim.o(.text)
    TIM_ICStructInit                         0x08001d35   Thumb Code    16  stm32f4xx_tim.o(.text)
    TIM_PWMIConfig                           0x08001d45   Thumb Code   104  stm32f4xx_tim.o(.text)
    TIM_GetCapture1                          0x08001dad   Thumb Code     4  stm32f4xx_tim.o(.text)
    TIM_GetCapture2                          0x08001db1   Thumb Code     4  stm32f4xx_tim.o(.text)
    TIM_GetCapture3                          0x08001db5   Thumb Code     4  stm32f4xx_tim.o(.text)
    TIM_GetCapture4                          0x08001db9   Thumb Code     4  stm32f4xx_tim.o(.text)
    TIM_BDTRConfig                           0x08001dbd   Thumb Code    34  stm32f4xx_tim.o(.text)
    TIM_BDTRStructInit                       0x08001ddf   Thumb Code    18  stm32f4xx_tim.o(.text)
    TIM_CtrlPWMOutputs                       0x08001df1   Thumb Code    22  stm32f4xx_tim.o(.text)
    TIM_SelectCOM                            0x08001e07   Thumb Code    20  stm32f4xx_tim.o(.text)
    TIM_CCPreloadControl                     0x08001e1b   Thumb Code    20  stm32f4xx_tim.o(.text)
    TIM_ITConfig                             0x08001e2f   Thumb Code    16  stm32f4xx_tim.o(.text)
    TIM_GenerateEvent                        0x08001e3f   Thumb Code     4  stm32f4xx_tim.o(.text)
    TIM_GetFlagStatus                        0x08001e43   Thumb Code    14  stm32f4xx_tim.o(.text)
    TIM_ClearFlag                            0x08001e51   Thumb Code     6  stm32f4xx_tim.o(.text)
    TIM_GetITStatus                          0x08001e57   Thumb Code    24  stm32f4xx_tim.o(.text)
    TIM_ClearITPendingBit                    0x08001e6f   Thumb Code     6  stm32f4xx_tim.o(.text)
    TIM_DMAConfig                            0x08001e75   Thumb Code     8  stm32f4xx_tim.o(.text)
    TIM_DMACmd                               0x08001e7d   Thumb Code    16  stm32f4xx_tim.o(.text)
    TIM_SelectCCDMA                          0x08001e8d   Thumb Code    20  stm32f4xx_tim.o(.text)
    TIM_InternalClockConfig                  0x08001ea1   Thumb Code    10  stm32f4xx_tim.o(.text)
    TIM_SelectInputTrigger                   0x08001eab   Thumb Code    12  stm32f4xx_tim.o(.text)
    TIM_ITRxExternalClockConfig              0x08001eb7   Thumb Code    18  stm32f4xx_tim.o(.text)
    TIM_TIxExternalClockConfig               0x08001ec9   Thumb Code    46  stm32f4xx_tim.o(.text)
    TIM_ETRConfig                            0x08001ef7   Thumb Code    24  stm32f4xx_tim.o(.text)
    TIM_ETRClockMode1Config                  0x08001f0f   Thumb Code    18  stm32f4xx_tim.o(.text)
    TIM_ETRClockMode2Config                  0x08001f21   Thumb Code    18  stm32f4xx_tim.o(.text)
    TIM_SelectOutputTrigger                  0x08001f33   Thumb Code    16  stm32f4xx_tim.o(.text)
    TIM_SelectSlaveMode                      0x08001f43   Thumb Code    16  stm32f4xx_tim.o(.text)
    TIM_SelectMasterSlaveMode                0x08001f53   Thumb Code    16  stm32f4xx_tim.o(.text)
    TIM_EncoderInterfaceConfig               0x08001f63   Thumb Code    50  stm32f4xx_tim.o(.text)
    TIM_SelectHallSensor                     0x08001f95   Thumb Code    20  stm32f4xx_tim.o(.text)
    TIM_RemapConfig                          0x08001fa9   Thumb Code     6  stm32f4xx_tim.o(.text)
    USART_DeInit                             0x08001fdd   Thumb Code   114  stm32f4xx_usart.o(.text)
    USART_Init                               0x0800204f   Thumb Code   164  stm32f4xx_usart.o(.text)
    USART_StructInit                         0x080020f3   Thumb Code    22  stm32f4xx_usart.o(.text)
    USART_ClockInit                          0x08002109   Thumb Code    28  stm32f4xx_usart.o(.text)
    USART_ClockStructInit                    0x08002125   Thumb Code    12  stm32f4xx_usart.o(.text)
    USART_Cmd                                0x08002131   Thumb Code    20  stm32f4xx_usart.o(.text)
    USART_SetPrescaler                       0x08002145   Thumb Code    16  stm32f4xx_usart.o(.text)
    USART_OverSampling8Cmd                   0x08002155   Thumb Code    20  stm32f4xx_usart.o(.text)
    USART_OneBitMethodCmd                    0x08002169   Thumb Code    20  stm32f4xx_usart.o(.text)
    USART_SendData                           0x0800217d   Thumb Code     8  stm32f4xx_usart.o(.text)
    USART_ReceiveData                        0x08002185   Thumb Code     8  stm32f4xx_usart.o(.text)
    USART_SetAddress                         0x0800218d   Thumb Code    16  stm32f4xx_usart.o(.text)
    USART_ReceiverWakeUpCmd                  0x0800219d   Thumb Code    20  stm32f4xx_usart.o(.text)
    USART_WakeUpConfig                       0x080021b1   Thumb Code    16  stm32f4xx_usart.o(.text)
    USART_LINBreakDetectLengthConfig         0x080021c1   Thumb Code    16  stm32f4xx_usart.o(.text)
    USART_LINCmd                             0x080021d1   Thumb Code    20  stm32f4xx_usart.o(.text)
    USART_SendBreak                          0x080021e5   Thumb Code    10  stm32f4xx_usart.o(.text)
    USART_HalfDuplexCmd                      0x080021ef   Thumb Code    20  stm32f4xx_usart.o(.text)
    USART_SetGuardTime                       0x08002203   Thumb Code    16  stm32f4xx_usart.o(.text)
    USART_SmartCardCmd                       0x08002213   Thumb Code    20  stm32f4xx_usart.o(.text)
    USART_SmartCardNACKCmd                   0x08002227   Thumb Code    20  stm32f4xx_usart.o(.text)
    USART_IrDAConfig                         0x0800223b   Thumb Code    16  stm32f4xx_usart.o(.text)
    USART_IrDACmd                            0x0800224b   Thumb Code    20  stm32f4xx_usart.o(.text)
    USART_DMACmd                             0x0800225f   Thumb Code    16  stm32f4xx_usart.o(.text)
    USART_ITConfig                           0x0800226f   Thumb Code    48  stm32f4xx_usart.o(.text)
    USART_GetFlagStatus                      0x0800229f   Thumb Code    14  stm32f4xx_usart.o(.text)
    USART_ClearFlag                          0x080022ad   Thumb Code     6  stm32f4xx_usart.o(.text)
    USART_GetITStatus                        0x080022b3   Thumb Code    62  stm32f4xx_usart.o(.text)
    USART_ClearITPendingBit                  0x080022f1   Thumb Code    12  stm32f4xx_usart.o(.text)
    SystemInit                               0x080023b7   Thumb Code    74  system_stm32f4xx.o(.text)
    SystemCoreClockUpdate                    0x08002401   Thumb Code   108  system_stm32f4xx.o(.text)
    CAN1_Configuration                       0x08002495   Thumb Code   224  can1.o(.text)
    Run                                      0x08002575   Thumb Code    76  can1.o(.text)
    CAN1_TX_IRQHandler                       0x080025c1   Thumb Code    30  can1.o(.text)
    DataHande                                0x080025df   Thumb Code    58  can1.o(.text)
    CanReceiveMsgProcess                     0x08002619   Thumb Code   128  can1.o(.text)
    CAN1_RX0_IRQHandler                      0x08002699   Thumb Code    46  can1.o(.text)
    rude_quit                                0x080026d5   Thumb Code    20  chassis.o(.text)
    re_XY                                    0x080026e9   Thumb Code   266  chassis.o(.text)
    xy_change                                0x080027f3   Thumb Code   100  chassis.o(.text)
    get_down                                 0x08002857   Thumb Code  2322  chassis.o(.text)
    vdelay                                   0x08003169   Thumb Code    22  chassis.o(.text)
    get_high_test                            0x0800317f   Thumb Code   946  chassis.o(.text)
    move1                                    0x08003531   Thumb Code    90  chassis.o(.text)
    move2                                    0x0800358b   Thumb Code   114  chassis.o(.text)
    move3                                    0x080035fd   Thumb Code   120  chassis.o(.text)
    down_high_test                           0x08003675   Thumb Code  2534  chassis.o(.text)
    down_low_test                            0x0800405b   Thumb Code  1618  chassis.o(.text)
    down_low_test_second                     0x080046ad   Thumb Code  1530  chassis.o(.text)
    test                                     0x08004ca7   Thumb Code   238  chassis.o(.text)
    AUTO_rode2                               0x08004d95   Thumb Code    32  chassis.o(.text)
    AUTO_rode1                               0x08004db5   Thumb Code    32  chassis.o(.text)
    get_color                                0x08004dd5   Thumb Code   108  chassis.o(.text)
    number                                   0x08004e41   Thumb Code   116  chassis.o(.text)
    start                                    0x08004eb5   Thumb Code   204  chassis.o(.text)
    AUTO                                     0x08004f81   Thumb Code   226  chassis.o(.text)
    re_Z                                     0x08005063   Thumb Code   138  chassis.o(.text)
    chassis_task                             0x080050ed   Thumb Code   734  chassis.o(.text)
    XY_CHANGE_task                           0x080053cb   Thumb Code    16  chassis.o(.text)
    arm                                      0x080053db   Thumb Code    84  chassis.o(.text)
    pid_Init                                 0x08005461   Thumb Code    54  pid.o(.text)
    pid_palc                                 0x08005497   Thumb Code   452  pid.o(.text)
    All_pid                                  0x0800565b   Thumb Code   292  pid.o(.text)
    USART1_Configuration                     0x080057bd   Thumb Code   268  usart.o(.text)
    DMA2_Stream5_IRQHandler                  0x080058c9   Thumb Code   172  usart.o(.text)
    USART1_IRQHandler                        0x08005975   Thumb Code    34  usart.o(.text)
    USART6_Configuration                     0x080059b9   Thumb Code   166  usart6.o(.text)
    USART3_Configuration                     0x08005a5f   Thumb Code   166  usart6.o(.text)
    KEY_Init                                 0x08005b05   Thumb Code    42  usart6.o(.text)
    USART6_SendChar                          0x08005b2f   Thumb Code    30  usart6.o(.text)
    fputc                                    0x08005b4d   Thumb Code    30  usart6.o(.text)
    USART6_IRQHandler                        0x08005b6b   Thumb Code    82  usart6.o(.text)
    USART3_IRQHandler                        0x08005bbd   Thumb Code   120  usart6.o(.text)
    Power_GPIO_Init                          0x08005c55   Thumb Code    76  power.o(.text)
    Power_GPIO_OFF                           0x08005ca1   Thumb Code     8  power.o(.text)
    Power_GPIO_ON                            0x08005ca9   Thumb Code     8  power.o(.text)
    LED_task                                 0x08005cb1   Thumb Code    36  power.o(.text)
    TIM5_PWM_Init                            0x08005cdd   Thumb Code   176  tim5.o(.text)
    TIM4_PWM_Init                            0x08005d8d   Thumb Code   254  tim5.o(.text)
    oled_write_byte                          0x08005e9d   Thumb Code    36  oled.o(.text)
    oled_display_on                          0x08005ee9   Thumb Code    28  oled.o(.text)
    oled_display_off                         0x08005f05   Thumb Code    28  oled.o(.text)
    oled_refresh_gram                        0x08005f21   Thumb Code    46  oled.o(.text)
    oled_clear                               0x08005f4f   Thumb Code    60  oled.o(.text)
    oled_drawpoint                           0x08005f8b   Thumb Code    66  oled.o(.text)
    oled_drawline                            0x08005fcd   Thumb Code   198  oled.o(.text)
    oled_showchar                            0x08006093   Thumb Code   116  oled.o(.text)
    oled_showchar1                           0x08006107   Thumb Code    96  oled.o(.text)
    oled_shownum                             0x08006167   Thumb Code   110  oled.o(.text)
    oled_showstring                          0x080061d5   Thumb Code    46  oled.o(.text)
    oled_printf                              0x08006203   Thumb Code    72  oled.o(.text)
    oled_LOGO                                0x0800624b   Thumb Code   112  oled.o(.text)
    LOGO                                     0x080062bb   Thumb Code    94  oled.o(.text)
    delay_mss                                0x08006319   Thumb Code    26  oled.o(.text)
    oled_init                                0x08006333   Thumb Code   280  oled.o(.text)
    oled_number                              0x0800644b   Thumb Code    48  oled.o(.text)
    oled_small_number                        0x0800647b   Thumb Code    44  oled.o(.text)
    GPIO_SPI_Init                            0x080064b9   Thumb Code    94  spi.o(.text)
    SPI1_Init                                0x08006517   Thumb Code   198  spi.o(.text)
    OLED_SPI_SendData                        0x080065dd   Thumb Code    36  spi.o(.text)
    SPI1_ReadWriteByte                       0x08006601   Thumb Code    76  spi.o(.text)
    motorChange                              0x0800665d   Thumb Code    44  motor.o(.text)
    mode_judgement                           0x08006689   Thumb Code    62  motor.o(.text)
    motorArm                                 0x080066c7   Thumb Code    48  motor.o(.text)
    Motor_task                               0x080066f7   Thumb Code   102  motor.o(.text)
    main                                     0x08006779   Thumb Code   142  main.o(.text)
    NMI_Handler                              0x08006807   Thumb Code     2  stm32f4xx_it.o(.text)
    HardFault_Handler                        0x08006809   Thumb Code     2  stm32f4xx_it.o(.text)
    MemManage_Handler                        0x0800680b   Thumb Code     2  stm32f4xx_it.o(.text)
    BusFault_Handler                         0x0800680d   Thumb Code     2  stm32f4xx_it.o(.text)
    UsageFault_Handler                       0x0800680f   Thumb Code     2  stm32f4xx_it.o(.text)
    DebugMon_Handler                         0x08006811   Thumb Code     2  stm32f4xx_it.o(.text)
    start_task                               0x08006815   Thumb Code   112  start_task.o(.text)
    startTast                                0x08006885   Thumb Code    28  start_task.o(.text)
    vListInitialise                          0x080068f1   Thumb Code    22  list.o(.text)
    vListInitialiseItem                      0x08006907   Thumb Code     6  list.o(.text)
    vListInsertEnd                           0x0800690d   Thumb Code    24  list.o(.text)
    vListInsert                              0x08006925   Thumb Code    48  list.o(.text)
    uxListRemove                             0x08006955   Thumb Code    36  list.o(.text)
    xQueueGenericReset                       0x08006979   Thumb Code   132  queue.o(.text)
    xQueueGenericCreate                      0x080069fd   Thumb Code    82  queue.o(.text)
    xQueueGenericSend                        0x08006b23   Thumb Code   350  queue.o(.text)
    xQueueCreateMutex                        0x08006c81   Thumb Code    36  queue.o(.text)
    xQueueGiveMutexRecursive                 0x08006ca5   Thumb Code    62  queue.o(.text)
    xQueueGenericReceive                     0x08006d09   Thumb Code   364  queue.o(.text)
    xQueueTakeMutexRecursive                 0x08006e75   Thumb Code    68  queue.o(.text)
    xQueueCreateCountingSemaphore            0x08006eb9   Thumb Code    58  queue.o(.text)
    xQueueGenericSendFromISR                 0x08006ef3   Thumb Code   188  queue.o(.text)
    xQueueGiveFromISR                        0x08006faf   Thumb Code   156  queue.o(.text)
    xQueueReceiveFromISR                     0x0800704b   Thumb Code   152  queue.o(.text)
    xQueuePeekFromISR                        0x080070e3   Thumb Code   114  queue.o(.text)
    uxQueueMessagesWaiting                   0x08007155   Thumb Code    36  queue.o(.text)
    uxQueueSpacesAvailable                   0x08007179   Thumb Code    40  queue.o(.text)
    uxQueueMessagesWaitingFromISR            0x080071a1   Thumb Code    22  queue.o(.text)
    vQueueUnregisterQueue                    0x080071b7   Thumb Code    36  queue.o(.text)
    vQueueDelete                             0x080071db   Thumb Code    36  queue.o(.text)
    uxQueueGetQueueNumber                    0x080071ff   Thumb Code     4  queue.o(.text)
    vQueueSetQueueNumber                     0x08007203   Thumb Code     4  queue.o(.text)
    ucQueueGetQueueType                      0x08007207   Thumb Code     6  queue.o(.text)
    xQueueIsQueueEmptyFromISR                0x0800720d   Thumb Code    30  queue.o(.text)
    xQueueIsQueueFullFromISR                 0x0800722b   Thumb Code    34  queue.o(.text)
    vQueueAddToRegistry                      0x0800724d   Thumb Code    32  queue.o(.text)
    pcQueueGetName                           0x0800726d   Thumb Code    34  queue.o(.text)
    vQueueWaitForMessageRestricted           0x0800728f   Thumb Code    68  queue.o(.text)
    xTaskCreate                              0x080073b5   Thumb Code    86  tasks.o(.text)
    vTaskDelete                              0x0800740b   Thumb Code   158  tasks.o(.text)
    xTaskIncrementTick                       0x080074a9   Thumb Code   190  tasks.o(.text)
    xTaskResumeAll                           0x08007567   Thumb Code   184  tasks.o(.text)
    vTaskSuspendAll                          0x08007685   Thumb Code    10  tasks.o(.text)
    vTaskDelayUntil                          0x0800768f   Thumb Code   150  tasks.o(.text)
    vTaskDelay                               0x08007725   Thumb Code    66  tasks.o(.text)
    eTaskGetState                            0x08007767   Thumb Code    94  tasks.o(.text)
    uxTaskPriorityGet                        0x080077c5   Thumb Code    24  tasks.o(.text)
    uxTaskPriorityGetFromISR                 0x080077dd   Thumb Code    40  tasks.o(.text)
    vTaskPrioritySet                         0x08007805   Thumb Code   184  tasks.o(.text)
    vTaskSwitchContext                       0x080078bd   Thumb Code    84  tasks.o(.text)
    vTaskSuspend                             0x08007911   Thumb Code   158  tasks.o(.text)
    vTaskResume                              0x080079df   Thumb Code   114  tasks.o(.text)
    xTaskResumeFromISR                       0x08007a51   Thumb Code   128  tasks.o(.text)
    vTaskStartScheduler                      0x08007afd   Thumb Code    94  tasks.o(.text)
    vTaskEndScheduler                        0x08007b5b   Thumb Code    26  tasks.o(.text)
    xTaskGetTickCount                        0x08007b75   Thumb Code     8  tasks.o(.text)
    xTaskGetTickCountFromISR                 0x08007b7d   Thumb Code    14  tasks.o(.text)
    uxTaskGetNumberOfTasks                   0x08007b8b   Thumb Code     8  tasks.o(.text)
    pcTaskGetName                            0x08007b93   Thumb Code    30  tasks.o(.text)
    vTaskGetInfo                             0x08007bb1   Thumb Code   128  tasks.o(.text)
    uxTaskGetSystemState                     0x08007c85   Thumb Code   162  tasks.o(.text)
    vTaskPlaceOnEventList                    0x08007d27   Thumb Code    44  tasks.o(.text)
    vTaskPlaceOnUnorderedEventList           0x08007d53   Thumb Code    72  tasks.o(.text)
    vTaskPlaceOnEventListRestricted          0x08007d9b   Thumb Code    52  tasks.o(.text)
    xTaskRemoveFromEventList                 0x08007dcf   Thumb Code   108  tasks.o(.text)
    xTaskRemoveFromUnorderedEventList        0x08007e3b   Thumb Code   112  tasks.o(.text)
    vTaskSetTimeOutState                     0x08007eab   Thumb Code    32  tasks.o(.text)
    xTaskCheckForTimeOut                     0x08007ecb   Thumb Code   126  tasks.o(.text)
    vTaskMissedYield                         0x08007f49   Thumb Code     8  tasks.o(.text)
    uxTaskGetTaskNumber                      0x08007f51   Thumb Code     8  tasks.o(.text)
    vTaskSetTaskNumber                       0x08007f59   Thumb Code     8  tasks.o(.text)
    xTaskGetCurrentTaskHandle                0x08007f61   Thumb Code     6  tasks.o(.text)
    xTaskGetSchedulerState                   0x08007f67   Thumb Code    22  tasks.o(.text)
    vTaskPriorityInherit                     0x08007f7d   Thumb Code   124  tasks.o(.text)
    xTaskPriorityDisinherit                  0x08007ff9   Thumb Code   144  tasks.o(.text)
    uxTaskResetEventItemValue                0x08008089   Thumb Code    20  tasks.o(.text)
    pvTaskIncrementMutexHeldCount            0x0800809d   Thumb Code    18  tasks.o(.text)
    ulTaskNotifyTake                         0x080080af   Thumb Code    96  tasks.o(.text)
    xTaskNotifyWait                          0x0800810f   Thumb Code   128  tasks.o(.text)
    xTaskGenericNotify                       0x0800818f   Thumb Code   188  tasks.o(.text)
    xTaskGenericNotifyFromISR                0x0800824b   Thumb Code   242  tasks.o(.text)
    vTaskNotifyGiveFromISR                   0x0800833d   Thumb Code   172  tasks.o(.text)
    xTaskNotifyStateClear                    0x080083e9   Thumb Code    44  tasks.o(.text)
    xTimerGenericCommand                     0x08008565   Thumb Code    88  timers.o(.text)
    xTimerCreateTimerTask                    0x080086d1   Thumb Code    58  timers.o(.text)
    xTimerCreate                             0x0800870b   Thumb Code    78  timers.o(.text)
    xTimerGetTimerDaemonTaskHandle           0x08008759   Thumb Code    26  timers.o(.text)
    xTimerGetPeriod                          0x08008773   Thumb Code    22  timers.o(.text)
    xTimerGetExpiryTime                      0x08008789   Thumb Code    22  timers.o(.text)
    pcTimerGetName                           0x0800879f   Thumb Code    22  timers.o(.text)
    xTimerIsTimerActive                      0x080087b5   Thumb Code    44  timers.o(.text)
    pvTimerGetTimerID                        0x080087e1   Thumb Code    36  timers.o(.text)
    vTimerSetTimerID                         0x08008805   Thumb Code    38  timers.o(.text)
    pxPortInitialiseStack                    0x080089a9   Thumb Code    40  port.o(.text)
    vPortSetupTimerInterrupt                 0x080089d1   Thumb Code    26  port.o(.text)
    xPortStartScheduler                      0x080089eb   Thumb Code   208  port.o(.text)
    vPortEndScheduler                        0x08008abb   Thumb Code    28  port.o(.text)
    vPortEnterCritical                       0x08008ad7   Thumb Code    56  port.o(.text)
    vPortExitCritical                        0x08008b0f   Thumb Code    34  port.o(.text)
    SysTick_Handler                          0x08008b31   Thumb Code    40  port.o(.text)
    vPortValidateInterruptPriority           0x08008b59   Thumb Code    76  port.o(.text)
    pvPortMalloc                             0x08008c09   Thumb Code   210  heap_4.o(.text)
    vPortFree                                0x08008cdb   Thumb Code    90  heap_4.o(.text)
    xPortGetFreeHeapSize                     0x08008d35   Thumb Code     8  heap_4.o(.text)
    xPortGetMinimumEverFreeHeapSize          0x08008d3d   Thumb Code     8  heap_4.o(.text)
    vPortInitialiseBlocks                    0x08008d45   Thumb Code     2  heap_4.o(.text)
    __aeabi_memcpy                           0x08008d91   Thumb Code    36  memcpya.o(.text)
    __aeabi_memcpy4                          0x08008d91   Thumb Code     0  memcpya.o(.text)
    __aeabi_memcpy8                          0x08008d91   Thumb Code     0  memcpya.o(.text)
    __aeabi_memset                           0x08008db5   Thumb Code    14  memseta.o(.text)
    __aeabi_memset4                          0x08008db5   Thumb Code     0  memseta.o(.text)
    __aeabi_memset8                          0x08008db5   Thumb Code     0  memseta.o(.text)
    __aeabi_memclr                           0x08008dc3   Thumb Code     4  memseta.o(.text)
    __aeabi_memclr4                          0x08008dc3   Thumb Code     0  memseta.o(.text)
    __aeabi_memclr8                          0x08008dc3   Thumb Code     0  memseta.o(.text)
    _memset$wrapper                          0x08008dc7   Thumb Code    18  memseta.o(.text)
    __aeabi_uidiv                            0x08008dd9   Thumb Code     0  uidiv.o(.text)
    __aeabi_uidivmod                         0x08008dd9   Thumb Code    44  uidiv.o(.text)
    __aeabi_uldivmod                         0x08008e05   Thumb Code    98  uldiv.o(.text)
    __I$use$fp                               0x08008e67   Thumb Code     0  iusefp.o(.text)
    __aeabi_dadd                             0x08008e67   Thumb Code   322  dadd.o(.text)
    __aeabi_dsub                             0x08008fa9   Thumb Code     6  dadd.o(.text)
    __aeabi_drsub                            0x08008faf   Thumb Code     6  dadd.o(.text)
    __aeabi_dmul                             0x08008fb5   Thumb Code   228  dmul.o(.text)
    __aeabi_ddiv                             0x08009099   Thumb Code   222  ddiv.o(.text)
    __aeabi_d2ulz                            0x08009177   Thumb Code    48  dfixul.o(.text)
    __aeabi_cdrcmple                         0x080091a9   Thumb Code    48  cdrcmple.o(.text)
    __scatterload                            0x080091d9   Thumb Code    28  init.o(.text)
    __scatterload_rt2                        0x080091d9   Thumb Code     0  init.o(.text)
    __aeabi_llsl                             0x080091fd   Thumb Code    30  llshl.o(.text)
    _ll_shift_l                              0x080091fd   Thumb Code     0  llshl.o(.text)
    __aeabi_llsr                             0x0800921b   Thumb Code    32  llushr.o(.text)
    _ll_ushift_r                             0x0800921b   Thumb Code     0  llushr.o(.text)
    __aeabi_lasr                             0x0800923b   Thumb Code    36  llsshr.o(.text)
    _ll_sshift_r                             0x0800923b   Thumb Code     0  llsshr.o(.text)
    _double_round                            0x0800925f   Thumb Code    30  depilogue.o(.text)
    _double_epilogue                         0x0800927d   Thumb Code   156  depilogue.o(.text)
    __decompress                             0x08009319   Thumb Code     0  __dczerorl2.o(.text)
    __decompress1                            0x08009319   Thumb Code    86  __dczerorl2.o(.text)
    __0vsprintf                              0x08009371   Thumb Code    30  printfa.o(i.__0vsprintf)
    __1vsprintf                              0x08009371   Thumb Code     0  printfa.o(i.__0vsprintf)
    __2vsprintf                              0x08009371   Thumb Code     0  printfa.o(i.__0vsprintf)
    __c89vsprintf                            0x08009371   Thumb Code     0  printfa.o(i.__0vsprintf)
    vsprintf                                 0x08009371   Thumb Code     0  printfa.o(i.__0vsprintf)
    __scatterload_copy                       0x08009395   Thumb Code    14  handlers.o(i.__scatterload_copy)
    __scatterload_null                       0x080093a3   Thumb Code     2  handlers.o(i.__scatterload_null)
    __scatterload_zeroinit                   0x080093a5   Thumb Code    14  handlers.o(i.__scatterload_zeroinit)
    aaa                                      0x08009c50   Data         400  oled.o(.constdata)
    asc2_1206                                0x08009de0   Data        1140  oled.o(.constdata)
    LOGO_BMP                                 0x0800a254   Data        1024  oled.o(.constdata)
    Region$$Table$$Base                      0x0800a654   Number         0  anon$$obj.o(Region$$Table)
    Region$$Table$$Limit                     0x0800a674   Number         0  anon$$obj.o(Region$$Table)
    SystemCoreClock                          0x20000010   Data           4  system_stm32f4xx.o(.data)
    AHBPrescTable                            0x20000014   Data          16  system_stm32f4xx.o(.data)
    c1                                       0x20000024   Data           4  chassis.o(.data)
    c2                                       0x20000028   Data           4  chassis.o(.data)
    c3                                       0x2000002c   Data           4  chassis.o(.data)
    c4                                       0x20000030   Data           4  chassis.o(.data)
    c5                                       0x20000034   Data           4  chassis.o(.data)
    c6                                       0x20000038   Data           4  chassis.o(.data)
    flag                                     0x2000003c   Data           4  chassis.o(.data)
    speed_flat                               0x20000040   Data           4  chassis.o(.data)
    auto_flat                                0x20000044   Data           4  chassis.o(.data)
    a1                                       0x20000048   Data           4  chassis.o(.data)
    a2                                       0x2000004c   Data           4  chassis.o(.data)
    a3                                       0x20000050   Data           4  chassis.o(.data)
    a4                                       0x20000054   Data           4  chassis.o(.data)
    dta1                                     0x20000058   Data           4  chassis.o(.data)
    dta2                                     0x2000005c   Data           4  chassis.o(.data)
    dta3                                     0x20000060   Data           4  chassis.o(.data)
    dta4                                     0x20000064   Data           4  chassis.o(.data)
    TD                                       0x20000068   Data           4  chassis.o(.data)
    TE                                       0x2000006c   Data           4  chassis.o(.data)
    TF                                       0x20000070   Data           4  chassis.o(.data)
    TG                                       0x20000074   Data           4  chassis.o(.data)
    TH                                       0x20000078   Data           4  chassis.o(.data)
    r3                                       0x2000007c   Data           4  chassis.o(.data)
    r2                                       0x20000080   Data           4  chassis.o(.data)
    r0                                       0x20000084   Data           4  chassis.o(.data)
    R3                                       0x20000088   Data           4  chassis.o(.data)
    R2                                       0x2000008c   Data           4  chassis.o(.data)
    xy                                       0x20000090   Data           4  chassis.o(.data)
    left1                                    0x20000094   Data           4  chassis.o(.data)
    left2                                    0x20000098   Data           4  chassis.o(.data)
    right1                                   0x2000009c   Data           4  chassis.o(.data)
    right2                                   0x200000a0   Data           4  chassis.o(.data)
    err_x                                    0x200000a4   Data           4  chassis.o(.data)
    err_y                                    0x200000a8   Data           4  chassis.o(.data)
    location_flat                            0x200000ac   Data           4  chassis.o(.data)
    a                                        0x200000b0   Data           4  chassis.o(.data)
    t                                        0x200000b4   Data           4  usart6.o(.data)
    tt                                       0x200000b8   Data           4  usart6.o(.data)
    aaaa                                     0x200000bc   Data           4  usart6.o(.data)
    tD                                       0x200000c0   Data           4  motor.o(.data)
    tF                                       0x200000c4   Data           4  motor.o(.data)
    tE                                       0x200000c8   Data           4  motor.o(.data)
    tG                                       0x200000cc   Data           4  motor.o(.data)
    tH                                       0x200000d0   Data           4  motor.o(.data)
    flag_arm_FIRST                           0x200000d4   Data           4  motor.o(.data)
    flag_arm                                 0x200000d8   Data           4  motor.o(.data)
    ChassisTask_Handler                      0x200000dc   Data           4  start_task.o(.data)
    MotorTask_Handler                        0x200000e0   Data           4  start_task.o(.data)
    LEDTask_Handler                          0x200000e4   Data           4  start_task.o(.data)
    XY_CHANGETask_Handler                    0x200000e8   Data           4  start_task.o(.data)
    pxCurrentTCB                             0x200000f0   Data           4  tasks.o(.data)
    m3508a                                   0x20000164   Data          24  can1.o(.bss)
    m3508b                                   0x2000017c   Data          24  can1.o(.bss)
    m3508c                                   0x20000194   Data          24  can1.o(.bss)
    m3508d                                   0x200001ac   Data          24  can1.o(.bss)
    m3508e                                   0x200001c4   Data          24  can1.o(.bss)
    color                                    0x200001dc   Data          24  chassis.o(.bss)
    code                                     0x200001f4   Data          24  chassis.o(.bss)
    motor_out                                0x2000020c   Data          40  chassis.o(.bss)
    chassis_m3508a                           0x20000234   Data          72  pid.o(.bss)
    chassis_m3508b                           0x2000027c   Data          72  pid.o(.bss)
    chassis_m3508c                           0x200002c4   Data          72  pid.o(.bss)
    chassis_m3508d                           0x2000030c   Data          72  pid.o(.bss)
    chassis_m3508A                           0x20000354   Data          72  pid.o(.bss)
    chassis_m3508B                           0x2000039c   Data          72  pid.o(.bss)
    chassis_m3508C                           0x200003e4   Data          72  pid.o(.bss)
    chassis_m3508D                           0x2000042c   Data          72  pid.o(.bss)
    chassis_m3508e                           0x20000474   Data          72  pid.o(.bss)
    sbus_rx_buffer                           0x200004bc   Data          25  usart.o(.bss)
    RC_Ctl                                   0x200004d6   Data          20  usart.o(.bss)
    rebuf                                    0x200004ec   Data          32  usart6.o(.bss)
    rrebuf                                   0x2000050c   Data          56  usart6.o(.bss)
    xQueueRegistry                           0x20000944   Data          64  queue.o(.bss)
    __initial_sp                             0x20013a78   Data           0  startup_stm32f4xx.o(STACK)



==============================================================================

Memory Map of the image

  Image Entry point : 0x08000189

  Load Region LR_IROM1 (Base: 0x08000000, Size: 0x0000a7d8, Max: 0x00200000, ABSOLUTE, COMPRESSED[0x0000a69c])

    Execution Region ER_IROM1 (Base: 0x08000000, Size: 0x0000a674, Max: 0x00200000, ABSOLUTE)

    Base Addr    Size         Type   Attr      Idx    E Section Name        Object

    0x08000000   0x00000188   Data   RO            3    RESET               startup_stm32f4xx.o
    0x08000188   0x00000000   Code   RO         1599  * .ARM.Collect$$$$00000000  mc_w.l(entry.o)
    0x08000188   0x00000004   Code   RO         1636    .ARM.Collect$$$$00000001  mc_w.l(entry2.o)
    0x0800018c   0x00000004   Code   RO         1639    .ARM.Collect$$$$00000004  mc_w.l(entry5.o)
    0x08000190   0x00000000   Code   RO         1641    .ARM.Collect$$$$00000008  mc_w.l(entry7b.o)
    0x08000190   0x00000000   Code   RO         1643    .ARM.Collect$$$$0000000A  mc_w.l(entry8b.o)
    0x08000190   0x00000008   Code   RO         1644    .ARM.Collect$$$$0000000B  mc_w.l(entry9a.o)
    0x08000198   0x00000000   Code   RO         1646    .ARM.Collect$$$$0000000D  mc_w.l(entry10a.o)
    0x08000198   0x00000000   Code   RO         1648    .ARM.Collect$$$$0000000F  mc_w.l(entry11a.o)
    0x08000198   0x00000004   Code   RO         1637    .ARM.Collect$$$$00002712  mc_w.l(entry2.o)
    0x0800019c   0x000000b6   Code   RO         1553    .emb_text           port.o
    0x08000252   0x00000002   PAD
    0x08000254   0x00000024   Code   RO            4    .text               startup_stm32f4xx.o
    0x08000278   0x000000b0   Code   RO           13    .text               misc.o
    0x08000328   0x00000708   Code   RO          118    .text               stm32f4xx_can.o
    0x08000a30   0x00000320   Code   RO          349    .text               stm32f4xx_dma.o
    0x08000d50   0x000001ec   Code   RO          452    .text               stm32f4xx_gpio.o
    0x08000f3c   0x000003d4   Code   RO          632    .text               stm32f4xx_rcc.o
    0x08001310   0x000002f0   Code   RO          740    .text               stm32f4xx_spi.o
    0x08001600   0x000009dc   Code   RO          791    .text               stm32f4xx_tim.o
    0x08001fdc   0x00000338   Code   RO          816    .text               stm32f4xx_usart.o
    0x08002314   0x00000180   Code   RO          867    .text               system_stm32f4xx.o
    0x08002494   0x00000240   Code   RO          897    .text               can1.o
    0x080026d4   0x00002d8c   Code   RO         1005    .text               chassis.o
    0x08005460   0x0000035c   Code   RO         1057    .text               pid.o
    0x080057bc   0x000001fc   Code   RO         1085    .text               usart.o
    0x080059b8   0x0000029c   Code   RO         1112    .text               usart6.o
    0x08005c54   0x00000088   Code   RO         1146    .text               power.o
    0x08005cdc   0x000001c0   Code   RO         1222    .text               tim5.o
    0x08005e9c   0x0000061c   Code   RO         1246    .text               oled.o
    0x080064b8   0x000001a4   Code   RO         1289    .text               spi.o
    0x0800665c   0x0000011c   Code   RO         1313    .text               motor.o
    0x08006778   0x0000008e   Code   RO         1342    .text               main.o
    0x08006806   0x0000000c   Code   RO         1366    .text               stm32f4xx_it.o
    0x08006812   0x00000002   PAD
    0x08006814   0x000000dc   Code   RO         1390    .text               start_task.o
    0x080068f0   0x00000088   Code   RO         1472    .text               list.o
    0x08006978   0x00000978   Code   RO         1484    .text               queue.o
    0x080072f0   0x00001240   Code   RO         1506    .text               tasks.o
    0x08008530   0x00000452   Code   RO         1526    .text               timers.o
    0x08008982   0x00000002   PAD
    0x08008984   0x0000023c   Code   RO         1554    .text               port.o
    0x08008bc0   0x000001d0   Code   RO         1584    .text               heap_4.o
    0x08008d90   0x00000024   Code   RO         1602    .text               mc_w.l(memcpya.o)
    0x08008db4   0x00000024   Code   RO         1604    .text               mc_w.l(memseta.o)
    0x08008dd8   0x0000002c   Code   RO         1651    .text               mc_w.l(uidiv.o)
    0x08008e04   0x00000062   Code   RO         1653    .text               mc_w.l(uldiv.o)
    0x08008e66   0x00000000   Code   RO         1655    .text               mc_w.l(iusefp.o)
    0x08008e66   0x0000014e   Code   RO         1656    .text               mf_w.l(dadd.o)
    0x08008fb4   0x000000e4   Code   RO         1658    .text               mf_w.l(dmul.o)
    0x08009098   0x000000de   Code   RO         1660    .text               mf_w.l(ddiv.o)
    0x08009176   0x00000030   Code   RO         1662    .text               mf_w.l(dfixul.o)
    0x080091a6   0x00000002   PAD
    0x080091a8   0x00000030   Code   RO         1664    .text               mf_w.l(cdrcmple.o)
    0x080091d8   0x00000024   Code   RO         1666    .text               mc_w.l(init.o)
    0x080091fc   0x0000001e   Code   RO         1668    .text               mc_w.l(llshl.o)
    0x0800921a   0x00000020   Code   RO         1670    .text               mc_w.l(llushr.o)
    0x0800923a   0x00000024   Code   RO         1672    .text               mc_w.l(llsshr.o)
    0x0800925e   0x000000ba   Code   RO         1674    .text               mf_w.l(depilogue.o)
    0x08009318   0x00000056   Code   RO         1684    .text               mc_w.l(__dczerorl2.o)
    0x0800936e   0x00000002   PAD
    0x08009370   0x00000024   Code   RO         1615    i.__0vsprintf       mc_w.l(printfa.o)
    0x08009394   0x0000000e   Code   RO         1678    i.__scatterload_copy  mc_w.l(handlers.o)
    0x080093a2   0x00000002   Code   RO         1679    i.__scatterload_null  mc_w.l(handlers.o)
    0x080093a4   0x0000000e   Code   RO         1680    i.__scatterload_zeroinit  mc_w.l(handlers.o)
    0x080093b2   0x00000002   PAD
    0x080093b4   0x00000164   Code   RO         1616    i._fp_digits        mc_w.l(printfa.o)
    0x08009518   0x000006dc   Code   RO         1617    i._printf_core      mc_w.l(printfa.o)
    0x08009bf4   0x00000024   Code   RO         1618    i._printf_post_padding  mc_w.l(printfa.o)
    0x08009c18   0x0000002e   Code   RO         1619    i._printf_pre_padding  mc_w.l(printfa.o)
    0x08009c46   0x0000000a   Code   RO         1621    i._sputc            mc_w.l(printfa.o)
    0x08009c50   0x00000a04   Data   RO         1248    .constdata          oled.o
    0x0800a654   0x00000020   Data   RO         1676    Region$$Table       anon$$obj.o


    Execution Region RW_IRAM1 (Base: 0x20000000, Size: 0x00013a78, Max: 0x00030000, ABSOLUTE, COMPRESSED[0x00000028])

    Base Addr    Size         Type   Attr      Idx    E Section Name        Object

    0x20000000   0x00000010   Data   RW          633    .data               stm32f4xx_rcc.o
    0x20000010   0x00000014   Data   RW          868    .data               system_stm32f4xx.o
    0x20000024   0x00000090   Data   RW         1008    .data               chassis.o
    0x200000b4   0x0000000c   Data   RW         1117    .data               usart6.o
    0x200000c0   0x0000001c   Data   RW         1314    .data               motor.o
    0x200000dc   0x00000014   Data   RW         1391    .data               start_task.o
    0x200000f0   0x0000003c   Data   RW         1508    .data               tasks.o
    0x2000012c   0x00000014   Data   RW         1528    .data               timers.o
    0x20000140   0x0000000c   Data   RW         1555    .data               port.o
    0x2000014c   0x00000018   Data   RW         1586    .data               heap_4.o
    0x20000164   0x00000078   Zero   RW          898    .bss                can1.o
    0x200001dc   0x00000058   Zero   RW         1006    .bss                chassis.o
    0x20000234   0x00000288   Zero   RW         1058    .bss                pid.o
    0x200004bc   0x0000002e   Zero   RW         1086    .bss                usart.o
    0x200004ea   0x00000002   PAD
    0x200004ec   0x00000058   Zero   RW         1113    .bss                usart6.o
    0x20000544   0x00000400   Zero   RW         1247    .bss                oled.o
    0x20000944   0x00000040   Zero   RW         1485    .bss                queue.o
    0x20000984   0x000000c8   Zero   RW         1507    .bss                tasks.o
    0x20000a4c   0x00000028   Zero   RW         1527    .bss                timers.o
    0x20000a74   0x00012c00   Zero   RW         1585    .bss                heap_4.o
    0x20013674   0x00000004   PAD
    0x20013678   0x00000400   Zero   RW            1    STACK               startup_stm32f4xx.o


==============================================================================

Image component sizes


      Code (inc. data)   RO Data    RW Data    ZI Data      Debug   Object Name

       576         20          0          0        120      16967   can1.o
     11660        184          0        144         88      12034   chassis.o
         0          0          0          0          0      11760   event_groups.o
       464          8          0         24      76800       3508   heap_4.o
       136          0          0          0          0       1738   list.o
       142          0          0          0          0        555   main.o
       176         12          0          0          0     280617   misc.o
       284         28          0         28          0       2068   motor.o
      1564         38       2564          0       1024       7403   oled.o
       860         62          0          0        648       2268   pid.o
       754         44          0         12          0       8737   port.o
       136          8          0          0          0        872   power.o
      2424         10          0          0         64      16402   queue.o
       420         16          0          0          0       1351   spi.o
       220         80          0         20          0       1069   start_task.o
        36          8        392          0       1024        836   startup_stm32f4xx.o
      1800         44          0          0          0       7388   stm32f4xx_can.o
       800         32          0          0          0       5957   stm32f4xx_dma.o
       492         36          0          0          0       3673   stm32f4xx_gpio.o
        12          0          0          0          0        939   stm32f4xx_it.o
       980         40          0         16          0       9795   stm32f4xx_rcc.o
       752         22          0          0          0      13909   stm32f4xx_spi.o
      2524         52          0          0          0      18226   stm32f4xx_tim.o
       824         24          0          0          0       6652   stm32f4xx_usart.o
       384         40          0         20          0       1823   system_stm32f4xx.o
      4672         80          0         60        200      22620   tasks.o
       448         18          0          0          0       1150   tim5.o
      1106         44          0         20         40      15551   timers.o
       508         34          0          0         46       1701   usart.o
       668         32          0         12         88       2769   usart6.o

    ----------------------------------------------------------------------
     35828       1016       2988        356      80148     480338   Object Totals
         0          0         32          0          0          0   (incl. Generated)
         6          0          0          0          6          0   (incl. Padding)

    ----------------------------------------------------------------------

      Code (inc. data)   RO Data    RW Data    ZI Data      Debug   Library Member Name

        86          0          0          0          0          0   __dczerorl2.o
         0          0          0          0          0          0   entry.o
         0          0          0          0          0          0   entry10a.o
         0          0          0          0          0          0   entry11a.o
         8          4          0          0          0          0   entry2.o
         4          0          0          0          0          0   entry5.o
         0          0          0          0          0          0   entry7b.o
         0          0          0          0          0          0   entry8b.o
         8          4          0          0          0          0   entry9a.o
        30          0          0          0          0          0   handlers.o
        36          8          0          0          0         68   init.o
         0          0          0          0          0          0   iusefp.o
        30          0          0          0          0         68   llshl.o
        36          0          0          0          0         68   llsshr.o
        32          0          0          0          0         68   llushr.o
        36          0          0          0          0         68   memcpya.o
        36          0          0          0          0        108   memseta.o
      2240         86          0          0          0        508   printfa.o
        44          0          0          0          0         80   uidiv.o
        98          0          0          0          0         92   uldiv.o
        48          0          0          0          0         68   cdrcmple.o
       334          0          0          0          0        148   dadd.o
       222          0          0          0          0        100   ddiv.o
       186          0          0          0          0        176   depilogue.o
        48          0          0          0          0         68   dfixul.o
       228          0          0          0          0         96   dmul.o

    ----------------------------------------------------------------------
      3796        102          0          0          0       1784   Library Totals
         6          0          0          0          0          0   (incl. Padding)

    ----------------------------------------------------------------------

      Code (inc. data)   RO Data    RW Data    ZI Data      Debug   Library Name

      2724        102          0          0          0       1128   mc_w.l
      1066          0          0          0          0        656   mf_w.l

    ----------------------------------------------------------------------
      3796        102          0          0          0       1784   Library Totals

    ----------------------------------------------------------------------

==============================================================================


      Code (inc. data)   RO Data    RW Data    ZI Data      Debug   

     39624       1118       2988        356      80148     473970   Grand Totals
     39624       1118       2988         40      80148     473970   ELF Image Totals (compressed)
     39624       1118       2988         40          0          0   ROM Totals

==============================================================================

    Total RO  Size (Code + RO Data)                42612 (  41.61kB)
    Total RW  Size (RW Data + ZI Data)             80504 (  78.62kB)
    Total ROM Size (Code + RO Data + RW Data)      42652 (  41.65kB)

==============================================================================

